Apr 25 10:12:34 host1 sshd[1024]: Failed password for root from 192.168.1.101 port 55874 ssh2
Apr 25 10:12:40 host1 sshd[1024]: Accepted password for alice from 192.168.1.102 port 55875 ssh2
Apr 25 10:12:45 host1 sshd[1024]: Failed password for invalid user test from 192.168.1.103 port 55876 ssh2
Apr 25 10:12:51 host1 sshd[1024]: Accepted publickey for bob from 192.168.1.104 port 55877 ssh2: RSA 11:22:33:44:55:66:77:88:99:aa:bb:cc:dd:ee:ff:00
Apr 25 10:13:02 host1 sshd[1024]: Failed password for root from 192.168.1.105 port 55878 ssh2
Apr 25 10:13:10 host1 sshd[1024]: Failed password for root from 192.168.1.106 port 55879 ssh2
Apr 25 10:13:15 host1 sshd[1024]: Accepted password for alice from 192.168.1.107 port 55880 ssh2
Apr 25 10:13:21 host1 sshd[1024]: Failed password for invalid user admin from 192.168.1.108 port 55881 ssh2
Apr 25 10:13:29 host1 sshd[1024]: Accepted publickey for bob from 192.168.1.109 port 55882 ssh2: RSA 11:22:33:44:55:66:77:88:99:aa:bb:cc:dd:ee:ff:11
Apr 25 10:13:34 host1 sshd[1024]: Failed password for root from 192.168.1.110 port 55883 ssh2
Apr 25 10:12:34 host1 sshd[1024]: Failed password for root from 192.168.1.101 port 55874 ssh2
Apr 25 10:12:40 host1 sshd[1024]: Accepted password for alice from 192.168.1.102 port 55875 ssh2
Apr 25 10:12:45 host1 sshd[1024]: Failed password for invalid user test from 192.168.1.103 port 55876 ssh2
Apr 25 10:12:51 host1 sshd[1024]: Accepted publickey for bob from 192.168.1.104 port 55877 ssh2: RSA 11:22:33:44:55:66:77:88:99:aa:bb:cc:dd:ee:ff:00
Apr 25 10:13:02 host1 sshd[1024]: Failed password for root from 192.168.1.105 port 55878 ssh2
Apr 25 10:13:10 host1 sshd[1024]: Failed password for root from 192.168.1.106 port 55879 ssh2
Apr 25 10:13:15 host1 sshd[1024]: Accepted password for alice from 192.168.1.107 port 55880 ssh2
Apr 25 10:13:21 host1 sshd[1024]: Failed password for invalid user admin from 192.168.1.108 port 55881 ssh2
Apr 25 10:13:29 host1 sshd[1024]: Accepted publickey for bob from 192.168.1.109 port 55882 ssh2: RSA 11:22:33:44:55:66:77:88:99:aa:bb:cc:dd:ee:ff:11
Apr 25 10:13:34 host1 sshd[1024]: Failed password for root from 192.168.1.110 port 55883 ssh2
Apr 25 10:12:34 host1 sshd[1024]: Failed password for root from 192.168.1.101 port 55874 ssh2
Apr 25 10:12:40 host1 sshd[1024]: Accepted password for alice from 192.168.1.102 port 55875 ssh2
Apr 25 10:12:45 host1 sshd[1024]: Failed password for invalid user test from 192.168.1.103 port 55876 ssh2
Apr 25 10:12:51 host1 sshd[1024]: Accepted publickey for bob from 192.168.1.104 port 55877 ssh2: RSA 11:22:33:44:55:66:77:88:99:aa:bb:cc:dd:ee:ff:00
Apr 25 10:13:02 host1 sshd[1024]: Failed password for root from 192.168.1.105 port 55878 ssh2
Apr 25 10:13:10 host1 sshd[1024]: Failed password for root from 192.168.1.106 port 55879 ssh2
Apr 25 10:13:15 host1 sshd[1024]: Accepted password for alice from 192.168.1.107 port 55880 ssh2
Apr 25 10:13:21 host1 sshd[1024]: Failed password for invalid user admin from 192.168.1.108 port 55881 ssh2
Apr 25 10:13:29 host1 sshd[1024]: Accepted publickey for bob from 192.168.1.109 port 55882 ssh2: RSA 11:22:33:44:55:66:77:88:99:aa:bb:cc:dd:ee:ff:11
Apr 25 10:13:34 host1 sshd[1024]: Failed password for root from 192.168.1.110 port 55883 ssh2
Apr 25 10:12:34 host1 sshd[1024]: Failed password for root from 192.168.1.101 port 55874 ssh2
Apr 25 10:12:40 host1 sshd[1024]: Accepted password for alice from 192.168.1.102 port 55875 ssh2
Apr 25 10:12:45 host1 sshd[1024]: Failed password for invalid user test from 192.168.1.103 port 55876 ssh2
Apr 25 10:12:51 host1 sshd[1024]: Accepted publickey for bob from 192.168.1.104 port 55877 ssh2: RSA 11:22:33:44:55:66:77:88:99:aa:bb:cc:dd:ee:ff:00
Apr 25 10:13:02 host1 sshd[1024]: Failed password for root from 192.168.1.105 port 55878 ssh2
Apr 25 10:13:10 host1 sshd[1024]: Failed password for root from 192.168.1.106 port 55879 ssh2
Apr 25 10:13:15 host1 sshd[1024]: Accepted password for alice from 192.168.1.107 port 55880 ssh2
Apr 25 10:13:21 host1 sshd[1024]: Failed password for invalid user admin from 192.168.1.108 port 55881 ssh2
Apr 25 10:13:29 host1 sshd[1024]: Accepted publickey for bob from 192.168.1.109 port 55882 ssh2: RSA 11:22:33:44:55:66:77:88:99:aa:bb:cc:dd:ee:ff:11
Apr 25 10:13:34 host1 sshd[1024]: Failed password for root from 192.168.1.110 port 55883 ssh2
Apr 25 10:12:34 host1 sshd[1024]: Failed password for root from 192.168.1.101 port 55874 ssh2
Apr 25 10:12:40 host1 sshd[1024]: Accepted password for alice from 192.168.1.102 port 55875 ssh2
Apr 25 10:12:45 host1 sshd[1024]: Failed password for invalid user test from 192.168.1.103 port 55876 ssh2
Apr 25 10:12:51 host1 sshd[1024]: Accepted publickey for bob from 192.168.1.104 port 55877 ssh2: RSA 11:22:33:44:55:66:77:88:99:aa:bb:cc:dd:ee:ff:00
Apr 25 10:13:02 host1 sshd[1024]: Failed password for root from 192.168.1.105 port 55878 ssh2
Apr 25 10:13:10 host1 sshd[1024]: Failed password for root from 192.168.1.106 port 55879 ssh2
Apr 25 10:13:15 host1 sshd[1024]: Accepted password for alice from 192.168.1.107 port 55880 ssh2
Apr 25 10:13:21 host1 sshd[1024]: Failed password for invalid user admin from 192.168.1.108 port 55881 ssh2
Apr 25 10:13:29 host1 sshd[1024]: Accepted publickey for bob from 192.168.1.109 port 55882 ssh2: RSA 11:22:33:44:55:66:77:88:99:aa:bb:cc:dd:ee:ff:11
Apr 25 10:13:34 host1 sshd[1024]: Failed password for root from 192.168.1.110 port 55883 ssh2
Apr 25 10:13:25 server sshd[1534]: Failed password for root from 213.87.111.109 port 51234 ssh2
Apr 25 10:13:28 server sshd[1535]: Failed password for root from 213.87.111.109 port 51234 ssh2
Apr 25 10:13:29 server sshd[1536]: Failed password for root from 213.87.111.109 port 51234 ssh2
Apr 25 10:13:35 server sshd[1537]: Failed password for invalid user admin from 34.201.92.52 port 41005 ssh2
Apr 25 10:13:37 server sshd[1538]: Failed password for invalid user admin from 34.201.92.52 port 41005 ssh2
Apr 25 10:13:40 server sshd[1539]: Accepted password for john from 192.168.0.15 port 38917 ssh2
Apr 25 10:13:41 server sshd[1540]: Accepted publickey for alice from 192.168.0.17 port 38918 ssh2: RSA 11:22:33:44:55:66:77:88:99:aa:bb:cc:dd:ee:ff:00
Apr 25 10:13:42 server sshd[1541]: Failed password for root from 58.215.62.49 port 56320 ssh2
Apr 25 10:13:44 server sshd[1542]: Failed password for root from 58.215.62.49 port 56320 ssh2
Apr 25 10:13:45 server sshd[1543]: Failed password for invalid user test from 58.215.62.49 port 56321 ssh2
Apr 25 10:13:46 server sshd[1544]: Accepted password for bob from 192.168.0.22 port 38920 ssh2
Apr 25 10:13:50 server sshd[1545]: Failed password for invalid user guest from 83.97.20.15 port 58741 ssh2
Apr 25 10:13:53 server sshd[1546]: Accepted password for dave from 192.168.0.25 port 38922 ssh2
Apr 25 10:13:54 server sshd[1547]: Failed password for root from 5.188.10.11 port 44312 ssh2
Apr 25 10:13:55 server sshd[1548]: Failed password for root from 5.188.10.11 port 44312 ssh2
Apr 25 10:13:56 server sshd[1549]: Failed password for root from 5.188.10.11 port 44312 ssh2
Apr 25 10:13:57 server sshd[1550]: Failed password for invalid user ubuntu from 13.56.11.65 port 44313 ssh2
Apr 25 10:13:58 server sshd[1551]: Failed password for invalid user ubuntu from 13.56.11.65 port 44313 ssh2
Apr 25 10:13:59 server sshd[1552]: Accepted password for alice from 192.168.0.17 port 38918 ssh2
Apr 25 10:14:00 server sshd[1553]: Failed password for root from 103.207.37.36 port 50934 ssh2
Apr 25 10:14:01 server sshd[1554]: Failed password for root from 103.207.37.36 port 50934 ssh2
Apr 25 10:14:02 server sshd[1555]: Failed password for root from 103.207.37.36 port 50934 ssh2
Apr 25 10:14:03 server sshd[1556]: Accepted password for john from 192.168.0.15 port 38917 ssh2
Apr 25 10:14:04 server sshd[1557]: Failed password for invalid user oracle from 103.207.37.36 port 50935 ssh2
Apr 25 10:14:05 server sshd[1558]: Failed password for invalid user oracle from 103.207.37.36 port 50935 ssh2
Apr 25 10:14:06 server sshd[1559]: Failed password for invalid user guest from 83.97.20.15 port 58741 ssh2
Apr 25 10:14:07 server sshd[1560]: Failed password for root from 198.50.100.34 port 65432 ssh2
Apr 25 10:14:08 server sshd[1561]: Accepted password for alice from 192.168.0.17 port 38918 ssh2
Apr 25 10:14:09 server sshd[1562]: Failed password for root from 198.50.100.34 port 65432 ssh2
Apr 25 10:14:10 server sshd[1563]: Failed password for root from 198.50.100.34 port 65432 ssh2
Apr 25 10:14:11 server sshd[1564]: Accepted password for bob from 192.168.0.22 port 38920 ssh2
Apr 25 10:14:12 server sshd[1565]: Accepted password for dave from 192.168.0.25 port 38922 ssh2
Apr 25 10:14:13 server sshd[1566]: Failed password for root from 201.48.199.42 port 34567 ssh2
Apr 25 10:14:14 server sshd[1567]: Failed password for root from 201.48.199.42 port 34567 ssh2
Apr 25 10:14:15 server sshd[1568]: Accepted password for john from 192.168.0.15 port 38917 ssh2
Apr 25 10:14:16 server sshd[1569]: Failed password for root from 123.45.67.89 port 33789 ssh2
Apr 25 10:14:17 server sshd[1570]: Failed password for root from 123.45.67.89 port 33789 ssh2
Apr 25 10:14:18 server sshd[1571]: Failed password for invalid user test from 123.45.67.89 port 33790 ssh2
Apr 25 10:14:19 server sshd[1572]: Accepted password for bob from 192.168.0.22 port 38920 ssh2
Apr 25 10:14:20 server sshd[1573]: Accepted publickey for alice from 192.168.0.17 port 38918 ssh2: RSA 11:22:33:44:55:66:77:88:99:aa:bb:cc:dd:ee:ff:00
Apr 25 10:14:21 server sshd[1574]: Failed password for root from 222.222.222.222 port 44444 ssh2
Apr 25 10:14:22 server sshd[1575]: Failed password for root from 222.222.222.222 port 44444 ssh2
Apr 25 10:14:23 server sshd[1576]: Failed password for root from 222.222.222.222 port 44444 ssh2
Apr 25 10:14:24 server sshd[1577]: Failed password for root from 222.222.222.222 port 44445 ssh2
Apr 25 10:14:25 server sshd[1578]: Failed password for root from 222.222.222.222 port 44445 ssh2
Apr 25 10:14:26 server sshd[1579]: Failed password for root from 222.222.222.222 port 44445 ssh2
Apr 25 10:14:27 server sshd[1580]: Accepted password for dave from 192.168.0.25 port 38922 ssh2
Apr 25 10:14:28 server sshd[1581]: Accepted password for bob from 192.168.0.22 port 38920 ssh2
Apr 25 10:14:29 server sshd[1582]: Accepted password for john from 192.168.0.15 port 38917 ssh2
Apr 25 10:14:30 server sshd[1583]: Failed password for invalid user test from 115.68.23.130 port 43092 ssh2
Apr 25 10:14:31 server sshd[1584]: Failed password for invalid user test from 115.68.23.130 port 43092 ssh2
Apr 25 10:14:32 server sshd[1585]: Failed password for root from 58.215.62.49 port 56320 ssh2
Apr 25 10:14:33 server sshd[1586]: Failed password for root from 58.215.62.49 port 56320 ssh2
Apr 25 10:14:34 server sshd[1587]: Accepted password for alice from 192.168.0.17 port 38918 ssh2
Apr 01 08:12:03 server sshd[1034]: Failed password for invalid user admin from 85.214.132.117 port 43512 ssh2
Apr 01 08:12:05 server sshd[1035]: Failed password for invalid user admin from 85.214.132.117 port 43512 ssh2
Apr 03 14:21:45 server sshd[1100]: Accepted password for alice from 192.168.0.17 port 38918 ssh2
Apr 04 17:34:08 server sshd[1133]: Failed password for root from 198.51.100.23 port 53423 ssh2
Apr 05 22:09:31 server sshd[1201]: Failed password for root from 103.87.64.101 port 62415 ssh2
Apr 06 01:44:50 server sshd[1240]: Accepted password for dave from 192.168.0.25 port 38922 ssh2
Apr 07 11:25:07 server sshd[1305]: Failed password for invalid user test from 178.62.11.55 port 40212 ssh2
Apr 08 13:37:22 server sshd[1344]: Failed password for root from 212.83.146.20 port 58420 ssh2
Apr 09 15:40:55 server sshd[1380]: Accepted password for bob from 192.168.0.22 port 38920 ssh2
Apr 10 18:49:19 server sshd[1422]: Failed password for root from 5.9.89.151 port 60012 ssh2
Apr 11 06:30:12 server sshd[1455]: Accepted password for john from 192.168.0.15 port 38917 ssh2
Apr 12 09:50:33 server sshd[1476]: Failed password for root from 163.172.213.33 port 64432 ssh2
Apr 13 16:12:55 server sshd[1501]: Failed password for root from 222.186.30.110 port 55101 ssh2
Apr 14 03:45:41 server sshd[1529]: Accepted password for alice from 192.168.0.17 port 38918 ssh2
Apr 15 21:59:12 server sshd[1560]: Failed password for root from 123.45.67.89 port 33789 ssh2
Apr 16 12:17:46 server sshd[1604]: Failed password for root from 31.220.3.55 port 50213 ssh2
Apr 17 19:02:31 server sshd[1638]: Accepted password for dave from 192.168.0.25 port 38922 ssh2
Apr 18 20:31:07 server sshd[1666]: Failed password for invalid user test from 92.38.148.150 port 43214 ssh2
Apr 19 07:10:58 server sshd[1700]: Failed password for root from 167.71.123.19 port 50913 ssh2
Apr 20 10:39:41 server sshd[1731]: Failed password for root from 195.154.161.184 port 65500 ssh2
Apr 21 23:20:22 server sshd[1764]: Accepted password for bob from 192.168.0.22 port 38920 ssh2
Apr 22 02:12:35 server sshd[1800]: Failed password for root from 139.59.47.108 port 40001 ssh2
Apr 23 13:15:47 server sshd[1825]: Accepted password for john from 192.168.0.15 port 38917 ssh2
Apr 24 06:50:05 server sshd[1860]: Failed password for invalid user oracle from 202.28.85.221 port 53433 ssh2
Apr 26 11:18:24 server sshd[1901]: Failed password for root from 152.67.17.32 port 43190 ssh2
Apr 27 08:26:17 server sshd[1922]: Accepted password for alice from 192.168.0.17 port 38918 ssh2
Apr 28 13:37:44 server sshd[1947]: Failed password for root from 77.37.32.91 port 42311 ssh2
Apr 29 15:44:55 server sshd[1969]: Accepted password for dave from 192.168.0.25 port 38922 ssh2
Apr 30 17:10:12 server sshd[1990]: Failed password for root from 185.6.233.81 port 61234 ssh2
Mar 02 08:23:13 server sshd[2011]: Failed password for invalid user guest from 203.0.113.12 port 51122 ssh2
Mar 03 09:12:47 server sshd[2022]: Accepted password for sam from 192.168.1.20 port 38210 ssh2
Mar 04 10:30:05 server sshd[2033]: Failed password for test from 176.34.56.12 port 54422 ssh2
Mar 05 15:47:19 server sshd[2040]: Accepted password for linda from 192.168.1.33 port 39711 ssh2
Mar 06 19:33:59 server sshd[2057]: Failed password for user from 98.76.54.32 port 58822 ssh2
Mar 07 22:41:18 server sshd[2062]: Accepted password for mark from 192.168.1.45 port 41211 ssh2
Mar 08 06:55:21 server sshd[2071]: Failed password for invalid user tom from 102.67.89.45 port 47788 ssh2
Mar 09 14:21:03 server sshd[2084]: Accepted password for eva from 192.168.1.25 port 39388 ssh2
Mar 10 18:12:45 server sshd[2099]: Failed password for root from 77.88.99.100 port 51122 ssh2
Mar 11 03:39:07 server sshd[2110]: Accepted password for mia from 192.168.1.11 port 38433 ssh2
Mar 12 07:10:22 server sshd[2121]: Failed password for invalid user ubuntu from 91.121.72.55 port 55210 ssh2
Mar 13 12:30:41 server sshd[2135]: Failed password for guest from 88.198.13.23 port 40112 ssh2
Mar 14 17:55:50 server sshd[2144]: Accepted password for jake from 192.168.1.55 port 40199 ssh2
Mar 15 21:45:33 server sshd[2159]: Failed password for invalid user student from 45.55.67.89 port 61223 ssh2
Mar 16 04:32:19 server sshd[2166]: Accepted password for liam from 192.168.1.44 port 39822 ssh2
Mar 17 11:23:03 server sshd[2173]: Failed password for root from 202.54.1.10 port 52011 ssh2
Mar 18 13:37:18 server sshd[2187]: Accepted password for zoe from 192.168.1.18 port 40311 ssh2
Mar 19 15:59:44 server sshd[2194]: Failed password for admin from 159.65.3.222 port 60412 ssh2
Mar 20 19:25:51 server sshd[2205]: Accepted password for chris from 192.168.1.50 port 38881 ssh2
Mar 21 23:17:39 server sshd[2210]: Failed password for invalid user ftp from 203.100.55.78 port 43011 ssh2

Apr 24 00:21:13 server sshd[3012]: Failed password for root from 198.51.100.15 port 52134 ssh2
Apr 24 01:32:45 server sshd[3017]: Accepted password for lisa from 192.168.1.23 port 37568 ssh2
Apr 24 02:19:05 server sshd[3021]: Failed password for invalid user admin from 203.0.113.45 port 43892 ssh2
Apr 24 03:27:19 server sshd[3029]: Accepted password for john from 192.168.1.11 port 36657 ssh2
Apr 24 04:35:47 server sshd[3035]: Failed password for test from 77.88.99.100 port 45721 ssh2
Apr 24 05:42:32 server sshd[3042]: Accepted password for rachel from 192.168.1.18 port 38912 ssh2
Apr 24 06:53:10 server sshd[3051]: Failed password for invalid user guest from 199.99.55.23 port 42318 ssh2
Apr 24 07:45:28 server sshd[3057]: Accepted password for max from 192.168.1.30 port 37492 ssh2
Apr 24 08:56:42 server sshd[3063]: Failed password for admin from 198.51.100.30 port 44829 ssh2
Apr 24 09:37:51 server sshd[3070]: Accepted password for julie from 192.168.1.36 port 37383 ssh2
Apr 24 10:14:36 server sshd[3082]: Failed password for invalid user ubuntu from 203.0.113.99 port 45812 ssh2
Apr 24 11:22:59 server sshd[3090]: Accepted password for sam from 192.168.1.45 port 39642 ssh2
Apr 24 12:43:50 server sshd[3095]: Failed password for root from 104.248.15.102 port 48931 ssh2
Apr 24 13:29:26 server sshd[3104]: Accepted password for chris from 192.168.1.58 port 37794 ssh2
Apr 24 14:52:21 server sshd[3111]: Failed password for invalid user tom from 198.51.100.12 port 43142 ssh2
Apr 24 15:18:33 server sshd[3117]: Accepted password for mia from 192.168.1.22 port 38864 ssh2
Apr 24 16:04:12 server sshd[3123]: Failed password for invalid user admin from 176.45.21.100 port 47592 ssh2
Apr 24 17:15:06 server sshd[3130]: Accepted password for eva from 192.168.1.25 port 39181 ssh2
Apr 24 18:37:21 server sshd[3136]: Failed password for root from 103.25.54.18 port 45873 ssh2
Apr 24 19:51:13 server sshd[3142]: Accepted password for nora from 192.168.1.12 port 37345 ssh2
Apr 24 20:21:28 server sshd[3149]: Failed password for guest from 145.67.32.29 port 48951 ssh2
Apr 24 21:29:55 server sshd[3156]: Accepted password for mark from 192.168.1.40 port 38982 ssh2
Apr 24 22:48:43 server sshd[3162]: Failed password for root from 198.51.100.8 port 43610 ssh2
Apr 24 23:09:12 server sshd[3171]: Accepted password for linda from 192.168.1.51 port 39563 ssh2
Apr 24 23:42:10 server sshd[3180]: Failed password for invalid user test from 203.0.113.15 port 41822 ssh2
Apr 24 00:17:42 server sshd[3187]: Accepted password for john from 192.168.1.23 port 37089 ssh2
Apr 24 01:23:15 server sshd[3192]: Failed password for root from 201.77.99.10 port 48641 ssh2
Apr 24 02:30:22 server sshd[3198]: Accepted password for julia from 192.168.1.31 port 37894 ssh2
Apr 24 03:08:55 server sshd[3204]: Failed password for invalid user test from 167.55.10.101 port 47824 ssh2
Apr 24 04:49:18 server sshd[3210]: Accepted password for mark from 192.168.1.37 port 38833 ssh2
Apr 24 05:16:12 server sshd[3215]: Failed password for admin from 95.101.51.21 port 44332 ssh2
Apr 24 06:29:03 server sshd[3220]: Accepted password for sam from 192.168.1.29 port 37559 ssh2
Apr 24 07:58:11 server sshd[3226]: Failed password for guest from 45.67.22.18 port 43421 ssh2
Apr 24 09:04:47 server sshd[3231]: Accepted password for lisa from 192.168.1.13 port 37982 ssh2
Apr 24 10:41:14 server sshd[3238]: Failed password for root from 72.85.49.120 port 45011 ssh2
Apr 24 11:18:54 server sshd[3243]: Accepted password for julie from 192.168.1.48 port 39192 ssh2
Apr 24 12:32:13 server sshd[3249]: Failed password for invalid user admin from 185.51.24.51 port 45212 ssh2
Apr 24 13:50:36 server sshd[3255]: Accepted password for mia from 192.168.1.19 port 37741 ssh2
Apr 24 14:23:50 server sshd[3260]: Failed password for test from 199.99.56.14 port 47392 ssh2
Apr 24 15:34:03 server sshd[3265]: Accepted password for chris from 192.168.1.44 port 39114 ssh2
Apr 24 16:07:24 server sshd[3270]: Failed password for invalid user root from 103.77.89.15 port 46418 ssh2
Apr 24 17:56:15 server sshd[3277]: Accepted password for oscar from 192.168.1.52 port 37455 ssh2
Apr 24 18:29:03 server sshd[3282]: Failed password for guest from 185.65.32.14 port 47928 ssh2
Apr 24 19:49:55 server sshd[3289]: Accepted password for julia from 192.168.1.26 port 38851 ssh2
Apr 24 20:15:30 server sshd[3295]: Failed password for invalid user admin from 91.121.64.88 port 45361 ssh2
Apr 24 21:40:13 server sshd[3301]: Accepted password for tom from 192.168.1.55 port 38927 ssh2
Apr 24 22:57:12 server sshd[3307]: Failed password for invalid user student from 72.64.102.78 port 46821 ssh2
Apr 24 23:23:08 server sshd[3312]: Accepted password for eva from 192.168.1.63 port 39291 ssh2
Apr 24 23:59:22 server sshd[3318]: Failed password for root from 150.45.66.79 port 47892 ssh2
Apr 24 09:50:05 server sshd[2641]: Accepted password for alice from 203.0.113.5 port 55210 ssh2
Apr 24 10:13:29 server sshd[2781]: Accepted publickey for bob from 198.51.100.70 port 55882 ssh2
Apr 24 11:24:15 server sshd[2851]: Accepted password for charlie from 192.0.2.44 port 56521 ssh2
Apr 24 12:45:50 server sshd[2984]: Accepted publickey for diana from 145.34.56.78 port 57890 ssh2
Apr 24 13:02:33 server sshd[3055]: Accepted password for edward from 172.16.5.4 port 49152 ssh2
Apr 24 14:15:47 server sshd[3120]: Accepted password for frank from 10.0.0.6 port 49321 ssh2

Apr 24 15:30:18 server sshd[3199]: Accepted publickey for grace from 8.8.8.8 port 49600 ssh2
Apr 24 16:40:21 server sshd[3260]: Accepted password for helen from 203.0.113.98 port 50230 ssh2
Apr 24 17:52:39 server sshd[3325]: Accepted password for ivan from 198.51.100.23 port 50444 ssh2
Apr 24 18:11:42 server sshd[3390]: Accepted publickey for judy from 192.0.2.67 port 50990 ssh2
Mar 20 19:25:51 server sshd[2205]: Accepted password for chris from 192.168.1.50 port 38881 ssh2
Mar 21 23:17:39 server sshd[2210]: Failed password for invalid user ftp from 203.100.55.78 port 43011 ssh2

Apr 24 00:21:13 server sshd[3012]: Failed password for root from 198.51.100.15 port 52134 ssh2
Apr 24 01:32:45 server sshd[3017]: Accepted password for lisa from 192.168.1.23 port 37568 ssh2
Apr 24 02:19:05 server sshd[3021]: Failed password for invalid user admin from 203.0.113.45 port 43892 ssh2
Apr 24 03:27:19 server sshd[3029]: Accepted password for john from 192.168.1.11 port 36657 ssh2
Apr 24 04:35:47 server sshd[3035]: Failed password for test from 77.88.99.100 port 45721 ssh2
Apr 24 05:42:32 server sshd[3042]: Accepted password for rachel from 192.168.1.18 port 38912 ssh2
Apr 24 06:53:10 server sshd[3051]: Failed password for invalid user guest from 199.99.55.23 port 42318 ssh2
Apr 24 07:45:28 server sshd[3057]: Accepted password for max from 192.168.1.30 port 37492 ssh2
Apr 24 08:56:42 server sshd[3063]: Failed password for admin from 198.51.100.30 port 44829 ssh2
Apr 24 09:37:51 server sshd[3070]: Accepted password for julie from 192.168.1.36 port 37383 ssh2
Apr 24 10:14:36 server sshd[3082]: Failed password for invalid user ubuntu from 203.0.113.99 port 45812 ssh2
Apr 24 11:22:59 server sshd[3090]: Accepted password for sam from 192.168.1.45 port 39642 ssh2
Apr 24 12:43:50 server sshd[3095]: Failed password for root from 104.248.15.102 port 48931 ssh2
Apr 24 13:29:26 server sshd[3104]: Accepted password for chris from 192.168.1.58 port 37794 ssh2
Apr 24 14:52:21 server sshd[3111]: Failed password for invalid user tom from 198.51.100.12 port 43142 ssh2
Apr 24 15:18:33 server sshd[3117]: Accepted password for mia from 192.168.1.22 port 38864 ssh2
Apr 24 16:04:12 server sshd[3123]: Failed password for invalid user admin from 176.45.21.100 port 47592 ssh2
Apr 24 17:15:06 server sshd[3130]: Accepted password for eva from 192.168.1.25 port 39181 ssh2
Apr 24 18:37:21 server sshd[3136]: Failed password for root from 103.25.54.18 port 45873 ssh2
Apr 24 19:51:13 server sshd[3142]: Accepted password for nora from 192.168.1.12 port 37345 ssh2
Apr 24 20:21:28 server sshd[3149]: Failed password for guest from 145.67.32.29 port 48951 ssh2
Apr 24 21:29:55 server sshd[3156]: Accepted password for mark from 192.168.1.40 port 38982 ssh2
Apr 24 22:48:43 server sshd[3162]: Failed password for root from 198.51.100.8 port 43610 ssh2
Apr 24 23:09:12 server sshd[3171]: Accepted password for linda from 192.168.1.51 port 39563 ssh2
Apr 24 23:42:10 server sshd[3180]: Failed password for invalid user test from 203.0.113.15 port 41822 ssh2
Apr 24 00:17:42 server sshd[3187]: Accepted password for john from 192.168.1.23 port 37089 ssh2
Apr 24 01:23:15 server sshd[3192]: Failed password for root from 201.77.99.10 port 48641 ssh2
Apr 24 02:30:22 server sshd[3198]: Accepted password for julia from 192.168.1.31 port 37894 ssh2
Apr 24 03:08:55 server sshd[3204]: Failed password for invalid user test from 167.55.10.101 port 47824 ssh2
Apr 24 04:49:18 server sshd[3210]: Accepted password for mark from 192.168.1.37 port 38833 ssh2
Apr 24 05:16:12 server sshd[3215]: Failed password for admin from 95.101.51.21 port 44332 ssh2
Apr 24 06:29:03 server sshd[3220]: Accepted password for sam from 192.168.1.29 port 37559 ssh2
Apr 24 07:58:11 server sshd[3226]: Failed password for guest from 45.67.22.18 port 43421 ssh2
Apr 24 09:04:47 server sshd[3231]: Accepted password for lisa from 192.168.1.13 port 37982 ssh2
Apr 24 10:41:14 server sshd[3238]: Failed password for root from 72.85.49.120 port 45011 ssh2
Apr 24 11:18:54 server sshd[3243]: Accepted password for julie from 192.168.1.48 port 39192 ssh2
Apr 24 12:32:13 server sshd[3249]: Failed password for invalid user admin from 185.51.24.51 port 45212 ssh2
Apr 24 13:50:36 server sshd[3255]: Accepted password for mia from 192.168.1.19 port 37741 ssh2
Apr 24 14:23:50 server sshd[3260]: Failed password for test from 199.99.56.14 port 47392 ssh2
Apr 24 15:34:03 server sshd[3265]: Accepted password for chris from 192.168.1.44 port 39114 ssh2
Apr 24 16:07:24 server sshd[3270]: Failed password for invalid user root from 103.77.89.15 port 46418 ssh2
Apr 24 17:56:15 server sshd[3277]: Accepted password for oscar from 192.168.1.52 port 37455 ssh2
Apr 24 18:29:03 server sshd[3282]: Failed password for guest from 185.65.32.14 port 47928 ssh2
Apr 24 19:49:55 server sshd[3289]: Accepted password for julia from 192.168.1.26 port 38851 ssh2
Apr 24 20:15:30 server sshd[3295]: Failed password for invalid user admin from 91.121.64.88 port 45361 ssh2
Apr 24 21:40:13 server sshd[3301]: Accepted password for tom from 192.168.1.55 port 38927 ssh2
Apr 24 22:57:12 server sshd[3307]: Failed password for invalid user student from 72.64.102.78 port 46821 ssh2
Apr 24 23:23:08 server sshd[3312]: Accepted password for eva from 192.168.1.63 port 39291 ssh2
Apr 24 23:59:22 server sshd[3318]: Failed password for root from 150.45.66.79 port 47892 ssh2
Apr 24 09:50:05 server sshd[2641]: Accepted password for alice from 203.0.113.5 port 55210 ssh2
Apr 24 10:13:29 server sshd[2781]: Accepted publickey for bob from 198.51.100.70 port 55882 ssh2
Apr 24 11:24:15 server sshd[2851]: Accepted password for charlie from 192.0.2.44 port 56521 ssh2
Apr 24 12:45:50 server sshd[2984]: Accepted publickey for diana from 145.34.56.78 port 57890 ssh2
Apr 24 13:02:33 server sshd[3055]: Accepted password for edward from 172.16.5.4 port 49152 ssh2
Apr 24 14:15:47 server sshd[3120]: Accepted password for frank from 10.0.0.6 port 49321 ssh2
Mar 20 19:25:51 server sshd[2205]: Accepted password for chris from 192.168.1.50 port 38881 ssh2
Mar 21 23:17:39 server sshd[2210]: Failed password for invalid user ftp from 203.100.55.78 port 43011 ssh2

Apr 24 00:21:13 server sshd[3012]: Failed password for root from 198.51.100.15 port 52134 ssh2
Apr 24 01:32:45 server sshd[3017]: Accepted password for lisa from 192.168.1.23 port 37568 ssh2
Apr 24 02:19:05 server sshd[3021]: Failed password for invalid user admin from 203.0.113.45 port 43892 ssh2
Apr 24 03:27:19 server sshd[3029]: Accepted password for john from 192.168.1.11 port 36657 ssh2
Apr 24 04:35:47 server sshd[3035]: Failed password for test from 77.88.99.100 port 45721 ssh2
Apr 24 05:42:32 server sshd[3042]: Accepted password for rachel from 192.168.1.18 port 38912 ssh2
Apr 24 06:53:10 server sshd[3051]: Failed password for invalid user guest from 199.99.55.23 port 42318 ssh2
Apr 24 07:45:28 server sshd[3057]: Accepted password for max from 192.168.1.30 port 37492 ssh2
Apr 24 08:56:42 server sshd[3063]: Failed password for admin from 198.51.100.30 port 44829 ssh2
Apr 24 09:37:51 server sshd[3070]: Accepted password for julie from 192.168.1.36 port 37383 ssh2
Apr 24 10:14:36 server sshd[3082]: Failed password for invalid user ubuntu from 203.0.113.99 port 45812 ssh2
Apr 24 11:22:59 server sshd[3090]: Accepted password for sam from 192.168.1.45 port 39642 ssh2
Apr 24 12:43:50 server sshd[3095]: Failed password for root from 104.248.15.102 port 48931 ssh2
Apr 24 13:29:26 server sshd[3104]: Accepted password for chris from 192.168.1.58 port 37794 ssh2
Apr 24 14:52:21 server sshd[3111]: Failed password for invalid user tom from 198.51.100.12 port 43142 ssh2
Apr 24 15:18:33 server sshd[3117]: Accepted password for mia from 192.168.1.22 port 38864 ssh2
Apr 24 16:04:12 server sshd[3123]: Failed password for invalid user admin from 176.45.21.100 port 47592 ssh2
Apr 24 17:15:06 server sshd[3130]: Accepted password for eva from 192.168.1.25 port 39181 ssh2
Apr 24 18:37:21 server sshd[3136]: Failed password for root from 103.25.54.18 port 45873 ssh2
Apr 24 19:51:13 server sshd[3142]: Accepted password for nora from 192.168.1.12 port 37345 ssh2
Apr 24 20:21:28 server sshd[3149]: Failed password for guest from 145.67.32.29 port 48951 ssh2
Apr 24 21:29:55 server sshd[3156]: Accepted password for mark from 192.168.1.40 port 38982 ssh2
Apr 24 22:48:43 server sshd[3162]: Failed password for root from 198.51.100.8 port 43610 ssh2
Apr 24 23:09:12 server sshd[3171]: Accepted password for linda from 192.168.1.51 port 39563 ssh2
Apr 24 23:42:10 server sshd[3180]: Failed password for invalid user test from 203.0.113.15 port 41822 ssh2
Apr 24 00:17:42 server sshd[3187]: Accepted password for john from 192.168.1.23 port 37089 ssh2
Apr 24 01:23:15 server sshd[3192]: Failed password for root from 201.77.99.10 port 48641 ssh2
Apr 24 02:30:22 server sshd[3198]: Accepted password for julia from 192.168.1.31 port 37894 ssh2
Apr 24 03:08:55 server sshd[3204]: Failed password for invalid user test from 167.55.10.101 port 47824 ssh2
Apr 24 04:49:18 server sshd[3210]: Accepted password for mark from 192.168.1.37 port 38833 ssh2
Apr 24 05:16:12 server sshd[3215]: Failed password for admin from 95.101.51.21 port 44332 ssh2
Apr 24 06:29:03 server sshd[3220]: Accepted password for sam from 192.168.1.29 port 37559 ssh2
Apr 24 07:58:11 server sshd[3226]: Failed password for guest from 45.67.22.18 port 43421 ssh2
Apr 24 09:04:47 server sshd[3231]: Accepted password for lisa from 192.168.1.13 port 37982 ssh2
Apr 24 10:41:14 server sshd[3238]: Failed password for root from 72.85.49.120 port 45011 ssh2
Apr 24 11:18:54 server sshd[3243]: Accepted password for julie from 192.168.1.48 port 39192 ssh2
Apr 24 12:32:13 server sshd[3249]: Failed password for invalid user admin from 185.51.24.51 port 45212 ssh2
Apr 24 13:50:36 server sshd[3255]: Accepted password for mia from 192.168.1.19 port 37741 ssh2
Apr 24 14:23:50 server sshd[3260]: Failed password for test from 199.99.56.14 port 47392 ssh2
Apr 24 15:34:03 server sshd[3265]: Accepted password for chris from 192.168.1.44 port 39114 ssh2
Apr 24 16:07:24 server sshd[3270]: Failed password for invalid user root from 103.77.89.15 port 46418 ssh2
Apr 24 17:56:15 server sshd[3277]: Accepted password for oscar from 192.168.1.52 port 37455 ssh2
Apr 24 18:29:03 server sshd[3282]: Failed password for guest from 185.65.32.14 port 47928 ssh2
Apr 24 19:49:55 server sshd[3289]: Accepted password for julia from 192.168.1.26 port 38851 ssh2
Apr 24 20:15:30 server sshd[3295]: Failed password for invalid user admin from 91.121.64.88 port 45361 ssh2
Apr 24 21:40:13 server sshd[3301]: Accepted password for tom from 192.168.1.55 port 38927 ssh2
Apr 24 22:57:12 server sshd[3307]: Failed password for invalid user student from 72.64.102.78 port 46821 ssh2
Apr 24 23:23:08 server sshd[3312]: Accepted password for eva from 192.168.1.63 port 39291 ssh2
Apr 24 23:59:22 server sshd[3318]: Failed password for root from 150.45.66.79 port 47892 ssh2
Apr 24 09:50:05 server sshd[2641]: Accepted password for alice from 203.0.113.5 port 55210 ssh2
Apr 24 10:13:29 server sshd[2781]: Accepted publickey for bob from 198.51.100.70 port 55882 ssh2
Apr 24 11:24:15 server sshd[2851]: Accepted password for charlie from 192.0.2.44 port 56521 ssh2
Apr 24 12:45:50 server sshd[2984]: Accepted publickey for diana from 145.34.56.78 port 57890 ssh2
Apr 24 13:02:33 server sshd[3055]: Accepted password for edward from 172.16.5.4 port 49152 ssh2
Apr 24 14:15:47 server sshd[3120]: Accepted password for frank from 10.0.0.6 port 49321 ssh2
Mar 20 19:25:51 server sshd[2205]: Accepted password for chris from 192.168.1.50 port 38881 ssh2
Mar 21 23:17:39 server sshd[2210]: Failed password for invalid user ftp from 203.100.55.78 port 43011 ssh2

Apr 24 00:21:13 server sshd[3012]: Failed password for root from 198.51.100.15 port 52134 ssh2
Apr 24 01:32:45 server sshd[3017]: Accepted password for lisa from 192.168.1.23 port 37568 ssh2
Apr 24 02:19:05 server sshd[3021]: Failed password for invalid user admin from 203.0.113.45 port 43892 ssh2
Apr 24 03:27:19 server sshd[3029]: Accepted password for john from 192.168.1.11 port 36657 ssh2
Apr 24 04:35:47 server sshd[3035]: Failed password for test from 77.88.99.100 port 45721 ssh2
Apr 24 05:42:32 server sshd[3042]: Accepted password for rachel from 192.168.1.18 port 38912 ssh2
Apr 24 06:53:10 server sshd[3051]: Failed password for invalid user guest from 199.99.55.23 port 42318 ssh2
Apr 24 07:45:28 server sshd[3057]: Accepted password for max from 192.168.1.30 port 37492 ssh2
Apr 24 08:56:42 server sshd[3063]: Failed password for admin from 198.51.100.30 port 44829 ssh2
Apr 24 09:37:51 server sshd[3070]: Accepted password for julie from 192.168.1.36 port 37383 ssh2
Apr 24 10:14:36 server sshd[3082]: Failed password for invalid user ubuntu from 203.0.113.99 port 45812 ssh2
Apr 24 11:22:59 server sshd[3090]: Accepted password for sam from 192.168.1.45 port 39642 ssh2
Apr 24 12:43:50 server sshd[3095]: Failed password for root from 104.248.15.102 port 48931 ssh2
Apr 24 13:29:26 server sshd[3104]: Accepted password for chris from 192.168.1.58 port 37794 ssh2
Apr 24 14:52:21 server sshd[3111]: Failed password for invalid user tom from 198.51.100.12 port 43142 ssh2
Apr 24 15:18:33 server sshd[3117]: Accepted password for mia from 192.168.1.22 port 38864 ssh2
Apr 24 16:04:12 server sshd[3123]: Failed password for invalid user admin from 176.45.21.100 port 47592 ssh2
Apr 24 17:15:06 server sshd[3130]: Accepted password for eva from 192.168.1.25 port 39181 ssh2
Apr 24 18:37:21 server sshd[3136]: Failed password for root from 103.25.54.18 port 45873 ssh2
Apr 24 19:51:13 server sshd[3142]: Accepted password for nora from 192.168.1.12 port 37345 ssh2
Apr 24 20:21:28 server sshd[3149]: Failed password for guest from 145.67.32.29 port 48951 ssh2
Apr 24 21:29:55 server sshd[3156]: Accepted password for mark from 192.168.1.40 port 38982 ssh2
Apr 24 22:48:43 server sshd[3162]: Failed password for root from 198.51.100.8 port 43610 ssh2
Apr 24 23:09:12 server sshd[3171]: Accepted password for linda from 192.168.1.51 port 39563 ssh2
Apr 24 23:42:10 server sshd[3180]: Failed password for invalid user test from 203.0.113.15 port 41822 ssh2
Apr 24 00:17:42 server sshd[3187]: Accepted password for john from 192.168.1.23 port 37089 ssh2
Apr 24 01:23:15 server sshd[3192]: Failed password for root from 201.77.99.10 port 48641 ssh2
Apr 24 02:30:22 server sshd[3198]: Accepted password for julia from 192.168.1.31 port 37894 ssh2
Apr 24 03:08:55 server sshd[3204]: Failed password for invalid user test from 167.55.10.101 port 47824 ssh2
Apr 24 04:49:18 server sshd[3210]: Accepted password for mark from 192.168.1.37 port 38833 ssh2
Apr 24 05:16:12 server sshd[3215]: Failed password for admin from 95.101.51.21 port 44332 ssh2
Apr 24 06:29:03 server sshd[3220]: Accepted password for sam from 192.168.1.29 port 37559 ssh2
Apr 24 07:58:11 server sshd[3226]: Failed password for guest from 45.67.22.18 port 43421 ssh2
Apr 24 09:04:47 server sshd[3231]: Accepted password for lisa from 192.168.1.13 port 37982 ssh2
Apr 24 10:41:14 server sshd[3238]: Failed password for root from 72.85.49.120 port 45011 ssh2
Apr 24 11:18:54 server sshd[3243]: Accepted password for julie from 192.168.1.48 port 39192 ssh2
Apr 24 12:32:13 server sshd[3249]: Failed password for invalid user admin from 185.51.24.51 port 45212 ssh2
Apr 24 13:50:36 server sshd[3255]: Accepted password for mia from 192.168.1.19 port 37741 ssh2
Apr 24 14:23:50 server sshd[3260]: Failed password for test from 199.99.56.14 port 47392 ssh2
Apr 24 15:34:03 server sshd[3265]: Accepted password for chris from 192.168.1.44 port 39114 ssh2
Apr 24 16:07:24 server sshd[3270]: Failed password for invalid user root from 103.77.89.15 port 46418 ssh2
Apr 24 17:56:15 server sshd[3277]: Accepted password for oscar from 192.168.1.52 port 37455 ssh2
Apr 24 18:29:03 server sshd[3282]: Failed password for guest from 185.65.32.14 port 47928 ssh2
Apr 24 19:49:55 server sshd[3289]: Accepted password for julia from 192.168.1.26 port 38851 ssh2
Apr 24 20:15:30 server sshd[3295]: Failed password for invalid user admin from 91.121.64.88 port 45361 ssh2
Apr 24 21:40:13 server sshd[3301]: Accepted password for tom from 192.168.1.55 port 38927 ssh2
Apr 24 22:57:12 server sshd[3307]: Failed password for invalid user student from 72.64.102.78 port 46821 ssh2
Apr 24 23:23:08 server sshd[3312]: Accepted password for eva from 192.168.1.63 port 39291 ssh2
Apr 24 23:59:22 server sshd[3318]: Failed password for root from 150.45.66.79 port 47892 ssh2
Apr 24 09:50:05 server sshd[2641]: Accepted password for alice from 203.0.113.5 port 55210 ssh2
Apr 24 10:13:29 server sshd[2781]: Accepted publickey for bob from 198.51.100.70 port 55882 ssh2
Apr 24 11:24:15 server sshd[2851]: Accepted password for charlie from 192.0.2.44 port 56521 ssh2
Apr 24 12:45:50 server sshd[2984]: Accepted publickey for diana from 145.34.56.78 port 57890 ssh2
Apr 24 13:02:33 server sshd[3055]: Accepted password for edward from 172.16.5.4 port 49152 ssh2
Apr 24 14:15:47 server sshd[3120]: Accepted password for frank from 10.0.0.6 port 49321 ssh2
Mar 20 19:25:51 server sshd[2205]: Accepted password for chris from 192.168.1.50 port 38881 ssh2
Mar 21 23:17:39 server sshd[2210]: Failed password for invalid user ftp from 203.100.55.78 port 43011 ssh2

Apr 24 00:21:13 server sshd[3012]: Failed password for root from 198.51.100.15 port 52134 ssh2
Apr 24 01:32:45 server sshd[3017]: Accepted password for lisa from 192.168.1.23 port 37568 ssh2
Apr 24 02:19:05 server sshd[3021]: Failed password for invalid user admin from 203.0.113.45 port 43892 ssh2
Apr 24 03:27:19 server sshd[3029]: Accepted password for john from 192.168.1.11 port 36657 ssh2
Apr 24 04:35:47 server sshd[3035]: Failed password for test from 77.88.99.100 port 45721 ssh2
Apr 24 05:42:32 server sshd[3042]: Accepted password for rachel from 192.168.1.18 port 38912 ssh2
Apr 24 06:53:10 server sshd[3051]: Failed password for invalid user guest from 199.99.55.23 port 42318 ssh2
Apr 24 07:45:28 server sshd[3057]: Accepted password for max from 192.168.1.30 port 37492 ssh2
Apr 24 08:56:42 server sshd[3063]: Failed password for admin from 198.51.100.30 port 44829 ssh2
Apr 24 09:37:51 server sshd[3070]: Accepted password for julie from 192.168.1.36 port 37383 ssh2
Apr 24 10:14:36 server sshd[3082]: Failed password for invalid user ubuntu from 203.0.113.99 port 45812 ssh2
Apr 24 11:22:59 server sshd[3090]: Accepted password for sam from 192.168.1.45 port 39642 ssh2
Apr 24 12:43:50 server sshd[3095]: Failed password for root from 104.248.15.102 port 48931 ssh2
Apr 24 13:29:26 server sshd[3104]: Accepted password for chris from 192.168.1.58 port 37794 ssh2
Apr 24 14:52:21 server sshd[3111]: Failed password for invalid user tom from 198.51.100.12 port 43142 ssh2
Apr 24 15:18:33 server sshd[3117]: Accepted password for mia from 192.168.1.22 port 38864 ssh2
Apr 24 16:04:12 server sshd[3123]: Failed password for invalid user admin from 176.45.21.100 port 47592 ssh2
Apr 24 17:15:06 server sshd[3130]: Accepted password for eva from 192.168.1.25 port 39181 ssh2
Apr 24 18:37:21 server sshd[3136]: Failed password for root from 103.25.54.18 port 45873 ssh2
Apr 24 19:51:13 server sshd[3142]: Accepted password for nora from 192.168.1.12 port 37345 ssh2
Apr 24 20:21:28 server sshd[3149]: Failed password for guest from 145.67.32.29 port 48951 ssh2
Apr 24 21:29:55 server sshd[3156]: Accepted password for mark from 192.168.1.40 port 38982 ssh2
Apr 24 22:48:43 server sshd[3162]: Failed password for root from 198.51.100.8 port 43610 ssh2
Apr 24 23:09:12 server sshd[3171]: Accepted password for linda from 192.168.1.51 port 39563 ssh2
Apr 24 23:42:10 server sshd[3180]: Failed password for invalid user test from 203.0.113.15 port 41822 ssh2
Apr 24 00:17:42 server sshd[3187]: Accepted password for john from 192.168.1.23 port 37089 ssh2
Apr 24 01:23:15 server sshd[3192]: Failed password for root from 201.77.99.10 port 48641 ssh2
Apr 24 02:30:22 server sshd[3198]: Accepted password for julia from 192.168.1.31 port 37894 ssh2
Apr 24 03:08:55 server sshd[3204]: Failed password for invalid user test from 167.55.10.101 port 47824 ssh2
Apr 24 04:49:18 server sshd[3210]: Accepted password for mark from 192.168.1.37 port 38833 ssh2
Apr 24 05:16:12 server sshd[3215]: Failed password for admin from 95.101.51.21 port 44332 ssh2
Apr 24 06:29:03 server sshd[3220]: Accepted password for sam from 192.168.1.29 port 37559 ssh2
Apr 24 07:58:11 server sshd[3226]: Failed password for guest from 45.67.22.18 port 43421 ssh2
Apr 24 09:04:47 server sshd[3231]: Accepted password for lisa from 192.168.1.13 port 37982 ssh2
Apr 24 10:41:14 server sshd[3238]: Failed password for root from 72.85.49.120 port 45011 ssh2
Apr 24 11:18:54 server sshd[3243]: Accepted password for julie from 192.168.1.48 port 39192 ssh2
Apr 24 12:32:13 server sshd[3249]: Failed password for invalid user admin from 185.51.24.51 port 45212 ssh2
Apr 24 13:50:36 server sshd[3255]: Accepted password for mia from 192.168.1.19 port 37741 ssh2
Apr 24 14:23:50 server sshd[3260]: Failed password for test from 199.99.56.14 port 47392 ssh2
Apr 24 15:34:03 server sshd[3265]: Accepted password for chris from 192.168.1.44 port 39114 ssh2
Apr 24 16:07:24 server sshd[3270]: Failed password for invalid user root from 103.77.89.15 port 46418 ssh2
Apr 24 17:56:15 server sshd[3277]: Accepted password for oscar from 192.168.1.52 port 37455 ssh2
Apr 24 18:29:03 server sshd[3282]: Failed password for guest from 185.65.32.14 port 47928 ssh2
Apr 24 19:49:55 server sshd[3289]: Accepted password for julia from 192.168.1.26 port 38851 ssh2
Apr 24 20:15:30 server sshd[3295]: Failed password for invalid user admin from 91.121.64.88 port 45361 ssh2
Apr 24 21:40:13 server sshd[3301]: Accepted password for tom from 192.168.1.55 port 38927 ssh2
Apr 24 22:57:12 server sshd[3307]: Failed password for invalid user student from 72.64.102.78 port 46821 ssh2
Apr 24 23:23:08 server sshd[3312]: Accepted password for eva from 192.168.1.63 port 39291 ssh2
Apr 24 23:59:22 server sshd[3318]: Failed password for root from 150.45.66.79 port 47892 ssh2
Apr 24 09:50:05 server sshd[2641]: Accepted password for alice from 203.0.113.5 port 55210 ssh2
Apr 24 10:13:29 server sshd[2781]: Accepted publickey for bob from 198.51.100.70 port 55882 ssh2
Apr 24 11:24:15 server sshd[2851]: Accepted password for charlie from 192.0.2.44 port 56521 ssh2
Apr 24 12:45:50 server sshd[2984]: Accepted publickey for diana from 145.34.56.78 port 57890 ssh2
Apr 24 13:02:33 server sshd[3055]: Accepted password for edward from 172.16.5.4 port 49152 ssh2
Apr 24 14:15:47 server sshd[3120]: Accepted password for frank from 10.0.0.6 port 49321 ssh2
Mar 20 19:25:51 server sshd[2205]: Accepted password for chris from 192.168.1.50 port 38881 ssh2
Mar 21 23:17:39 server sshd[2210]: Failed password for invalid user ftp from 203.100.55.78 port 43011 ssh2

Apr 24 00:21:13 server sshd[3012]: Failed password for root from 198.51.100.15 port 52134 ssh2
Apr 24 01:32:45 server sshd[3017]: Accepted password for lisa from 192.168.1.23 port 37568 ssh2
Apr 24 02:19:05 server sshd[3021]: Failed password for invalid user admin from 203.0.113.45 port 43892 ssh2
Apr 24 03:27:19 server sshd[3029]: Accepted password for john from 192.168.1.11 port 36657 ssh2
Apr 24 04:35:47 server sshd[3035]: Failed password for test from 77.88.99.100 port 45721 ssh2
Apr 24 05:42:32 server sshd[3042]: Accepted password for rachel from 192.168.1.18 port 38912 ssh2
Apr 24 06:53:10 server sshd[3051]: Failed password for invalid user guest from 199.99.55.23 port 42318 ssh2
Apr 24 07:45:28 server sshd[3057]: Accepted password for max from 192.168.1.30 port 37492 ssh2
Apr 24 08:56:42 server sshd[3063]: Failed password for admin from 198.51.100.30 port 44829 ssh2
Apr 24 09:37:51 server sshd[3070]: Accepted password for julie from 192.168.1.36 port 37383 ssh2
Apr 24 10:14:36 server sshd[3082]: Failed password for invalid user ubuntu from 203.0.113.99 port 45812 ssh2
Apr 24 11:22:59 server sshd[3090]: Accepted password for sam from 192.168.1.45 port 39642 ssh2
Apr 24 12:43:50 server sshd[3095]: Failed password for root from 104.248.15.102 port 48931 ssh2
Apr 24 13:29:26 server sshd[3104]: Accepted password for chris from 192.168.1.58 port 37794 ssh2
Apr 24 14:52:21 server sshd[3111]: Failed password for invalid user tom from 198.51.100.12 port 43142 ssh2
Apr 24 15:18:33 server sshd[3117]: Accepted password for mia from 192.168.1.22 port 38864 ssh2
Apr 24 16:04:12 server sshd[3123]: Failed password for invalid user admin from 176.45.21.100 port 47592 ssh2
Apr 24 17:15:06 server sshd[3130]: Accepted password for eva from 192.168.1.25 port 39181 ssh2
Apr 24 18:37:21 server sshd[3136]: Failed password for root from 103.25.54.18 port 45873 ssh2
Apr 24 19:51:13 server sshd[3142]: Accepted password for nora from 192.168.1.12 port 37345 ssh2
Apr 24 20:21:28 server sshd[3149]: Failed password for guest from 145.67.32.29 port 48951 ssh2
Apr 24 21:29:55 server sshd[3156]: Accepted password for mark from 192.168.1.40 port 38982 ssh2
Apr 24 22:48:43 server sshd[3162]: Failed password for root from 198.51.100.8 port 43610 ssh2
Apr 24 23:09:12 server sshd[3171]: Accepted password for linda from 192.168.1.51 port 39563 ssh2
Apr 24 23:42:10 server sshd[3180]: Failed password for invalid user test from 203.0.113.15 port 41822 ssh2
Apr 24 00:17:42 server sshd[3187]: Accepted password for john from 192.168.1.23 port 37089 ssh2
Apr 24 01:23:15 server sshd[3192]: Failed password for root from 201.77.99.10 port 48641 ssh2
Apr 24 02:30:22 server sshd[3198]: Accepted password for julia from 192.168.1.31 port 37894 ssh2
Apr 24 03:08:55 server sshd[3204]: Failed password for invalid user test from 167.55.10.101 port 47824 ssh2
Apr 24 04:49:18 server sshd[3210]: Accepted password for mark from 192.168.1.37 port 38833 ssh2
Apr 24 05:16:12 server sshd[3215]: Failed password for admin from 95.101.51.21 port 44332 ssh2
Apr 24 06:29:03 server sshd[3220]: Accepted password for sam from 192.168.1.29 port 37559 ssh2
Apr 24 07:58:11 server sshd[3226]: Failed password for guest from 45.67.22.18 port 43421 ssh2
Apr 24 09:04:47 server sshd[3231]: Accepted password for lisa from 192.168.1.13 port 37982 ssh2
Apr 24 10:41:14 server sshd[3238]: Failed password for root from 72.85.49.120 port 45011 ssh2
Apr 24 11:18:54 server sshd[3243]: Accepted password for julie from 192.168.1.48 port 39192 ssh2
Apr 24 12:32:13 server sshd[3249]: Failed password for invalid user admin from 185.51.24.51 port 45212 ssh2
Apr 24 13:50:36 server sshd[3255]: Accepted password for mia from 192.168.1.19 port 37741 ssh2
Apr 24 14:23:50 server sshd[3260]: Failed password for test from 199.99.56.14 port 47392 ssh2
Apr 24 15:34:03 server sshd[3265]: Accepted password for chris from 192.168.1.44 port 39114 ssh2
Apr 24 16:07:24 server sshd[3270]: Failed password for invalid user root from 103.77.89.15 port 46418 ssh2
Apr 24 17:56:15 server sshd[3277]: Accepted password for oscar from 192.168.1.52 port 37455 ssh2
Apr 24 18:29:03 server sshd[3282]: Failed password for guest from 185.65.32.14 port 47928 ssh2
Apr 24 19:49:55 server sshd[3289]: Accepted password for julia from 192.168.1.26 port 38851 ssh2
Apr 24 20:15:30 server sshd[3295]: Failed password for invalid user admin from 91.121.64.88 port 45361 ssh2
Apr 24 21:40:13 server sshd[3301]: Accepted password for tom from 192.168.1.55 port 38927 ssh2
Apr 24 22:57:12 server sshd[3307]: Failed password for invalid user student from 72.64.102.78 port 46821 ssh2
Apr 24 23:23:08 server sshd[3312]: Accepted password for eva from 192.168.1.63 port 39291 ssh2
Apr 24 23:59:22 server sshd[3318]: Failed password for root from 150.45.66.79 port 47892 ssh2
Apr 24 09:50:05 server sshd[2641]: Accepted password for alice from 203.0.113.5 port 55210 ssh2
Apr 24 10:13:29 server sshd[2781]: Accepted publickey for bob from 198.51.100.70 port 55882 ssh2
Apr 24 11:24:15 server sshd[2851]: Accepted password for charlie from 192.0.2.44 port 56521 ssh2
Apr 24 12:45:50 server sshd[2984]: Accepted publickey for diana from 145.34.56.78 port 57890 ssh2
Apr 24 13:02:33 server sshd[3055]: Accepted password for edward from 172.16.5.4 port 49152 ssh2
Apr 24 14:15:47 server sshd[3120]: Accepted password for frank from 10.0.0.6 port 49321 ssh2
Mar 20 19:25:51 server sshd[2205]: Accepted password for chris from 192.168.1.50 port 38881 ssh2
Mar 21 23:17:39 server sshd[2210]: Failed password for invalid user ftp from 203.100.55.78 port 43011 ssh2

Apr 24 00:21:13 server sshd[3012]: Failed password for root from 198.51.100.15 port 52134 ssh2
Apr 24 01:32:45 server sshd[3017]: Accepted password for lisa from 192.168.1.23 port 37568 ssh2
Apr 24 02:19:05 server sshd[3021]: Failed password for invalid user admin from 203.0.113.45 port 43892 ssh2
