Apr 24 03:27:19 server sshd[3029]: Accepted password for john from 192.168.1.11 port 36657 ssh2
Apr 24 04:35:47 server sshd[3035]: Failed password for test from 77.88.99.100 port 45721 ssh2
Apr 24 05:42:32 server sshd[3042]: Accepted password for rachel from 192.168.1.18 port 38912 ssh2
Apr 24 06:53:10 server sshd[3051]: Failed password for invalid user guest from 199.99.55.23 port 42318 ssh2
Apr 24 07:45:28 server sshd[3057]: Accepted password for max from 192.168.1.30 port 37492 ssh2
Apr 24 08:56:42 server sshd[3063]: Failed password for admin from 198.51.100.30 port 44829 ssh2
Apr 24 09:37:51 server sshd[3070]: Accepted password for julie from 192.168.1.36 port 37383 ssh2
Apr 24 10:14:36 server sshd[3082]: Failed password for invalid user ubuntu from 203.0.113.99 port 45812 ssh2
Apr 24 11:22:59 server sshd[3090]: Accepted password for sam from 192.168.1.45 port 39642 ssh2
Apr 24 12:43:50 server sshd[3095]: Failed password for root from 104.248.15.102 port 48931 ssh2
Apr 24 13:29:26 server sshd[3104]: Accepted password for chris from 192.168.1.58 port 37794 ssh2
Apr 24 14:52:21 server sshd[3111]: Failed password for invalid user tom from 198.51.100.12 port 43142 ssh2
Apr 24 15:18:33 server sshd[3117]: Accepted password for mia from 192.168.1.22 port 38864 ssh2
Apr 24 16:04:12 server sshd[3123]: Failed password for invalid user admin from 176.45.21.100 port 47592 ssh2
Apr 24 17:15:06 server sshd[3130]: Accepted password for eva from 192.168.1.25 port 39181 ssh2
Apr 24 18:37:21 server sshd[3136]: Failed password for root from 103.25.54.18 port 45873 ssh2
Apr 24 19:51:13 server sshd[3142]: Accepted password for nora from 192.168.1.12 port 37345 ssh2
Apr 24 20:21:28 server sshd[3149]: Failed password for guest from 145.67.32.29 port 48951 ssh2
Apr 24 21:29:55 server sshd[3156]: Accepted password for mark from 192.168.1.40 port 38982 ssh2
Apr 24 22:48:43 server sshd[3162]: Failed password for root from 198.51.100.8 port 43610 ssh2
Apr 24 23:09:12 server sshd[3171]: Accepted password for linda from 192.168.1.51 port 39563 ssh2
Apr 24 23:42:10 server sshd[3180]: Failed password for invalid user test from 203.0.113.15 port 41822 ssh2
Apr 24 00:17:42 server sshd[3187]: Accepted password for john from 192.168.1.23 port 37089 ssh2
Apr 24 01:23:15 server sshd[3192]: Failed password for root from 201.77.99.10 port 48641 ssh2
Apr 24 02:30:22 server sshd[3198]: Accepted password for julia from 192.168.1.31 port 37894 ssh2
Apr 24 03:08:55 server sshd[3204]: Failed password for invalid user test from 167.55.10.101 port 47824 ssh2
Apr 24 04:49:18 server sshd[3210]: Accepted password for mark from 192.168.1.37 port 38833 ssh2
Apr 24 05:16:12 server sshd[3215]: Failed password for admin from 95.101.51.21 port 44332 ssh2
Apr 24 06:29:03 server sshd[3220]: Accepted password for sam from 192.168.1.29 port 37559 ssh2
Apr 24 07:58:11 server sshd[3226]: Failed password for guest from 45.67.22.18 port 43421 ssh2
Apr 24 09:04:47 server sshd[3231]: Accepted password for lisa from 192.168.1.13 port 37982 ssh2
Apr 24 10:41:14 server sshd[3238]: Failed password for root from 72.85.49.120 port 45011 ssh2
Apr 24 11:18:54 server sshd[3243]: Accepted password for julie from 192.168.1.48 port 39192 ssh2
Apr 24 12:32:13 server sshd[3249]: Failed password for invalid user admin from 185.51.24.51 port 45212 ssh2
Apr 24 13:50:36 server sshd[3255]: Accepted password for mia from 192.168.1.19 port 37741 ssh2
Apr 24 14:23:50 server sshd[3260]: Failed password for test from 199.99.56.14 port 47392 ssh2
Apr 24 15:34:03 server sshd[3265]: Accepted password for chris from 192.168.1.44 port 39114 ssh2
Apr 24 16:07:24 server sshd[3270]: Failed password for invalid user root from 103.77.89.15 port 46418 ssh2
Apr 24 17:56:15 server sshd[3277]: Accepted password for oscar from 192.168.1.52 port 37455 ssh2
Apr 24 18:29:03 server sshd[3282]: Failed password for guest from 185.65.32.14 port 47928 ssh2
Apr 24 19:49:55 server sshd[3289]: Accepted password for julia from 192.168.1.26 port 38851 ssh2
Apr 24 20:15:30 server sshd[3295]: Failed password for invalid user admin from 91.121.64.88 port 45361 ssh2
Apr 24 21:40:13 server sshd[3301]: Accepted password for tom from 192.168.1.55 port 38927 ssh2
Apr 24 22:57:12 server sshd[3307]: Failed password for invalid user student from 72.64.102.78 port 46821 ssh2
Apr 24 23:23:08 server sshd[3312]: Accepted password for eva from 192.168.1.63 port 39291 ssh2
Apr 24 23:59:22 server sshd[3318]: Failed password for root from 150.45.66.79 port 47892 ssh2
Apr 24 09:50:05 server sshd[2641]: Accepted password for alice from 203.0.113.5 port 55210 ssh2
Apr 24 10:13:29 server sshd[2781]: Accepted publickey for bob from 198.51.100.70 port 55882 ssh2
Apr 24 11:24:15 server sshd[2851]: Accepted password for charlie from 192.0.2.44 port 56521 ssh2
Apr 24 12:45:50 server sshd[2984]: Accepted publickey for diana from 145.34.56.78 port 57890 ssh2
Apr 24 13:02:33 server sshd[3055]: Accepted password for edward from 172.16.5.4 port 49152 ssh2
Apr 24 14:15:47 server sshd[3120]: Accepted password for frank from 10.0.0.6 port 49321 ssh2
Mar 20 19:25:51 server sshd[2205]: Accepted password for chris from 192.168.1.50 port 38881 ssh2
Mar 21 23:17:39 server sshd[2210]: Failed password for invalid user ftp from 203.100.55.78 port 43011 ssh2

Apr 24 00:21:13 server sshd[3012]: Failed password for root from 198.51.100.15 port 52134 ssh2
Apr 24 01:32:45 server sshd[3017]: Accepted password for lisa from 192.168.1.23 port 37568 ssh2
Apr 24 02:19:05 server sshd[3021]: Failed password for invalid user admin from 203.0.113.45 port 43892 ssh2
Apr 24 03:27:19 server sshd[3029]: Accepted password for john from 192.168.1.11 port 36657 ssh2
Apr 24 04:35:47 server sshd[3035]: Failed password for test from 77.88.99.100 port 45721 ssh2
Apr 24 05:42:32 server sshd[3042]: Accepted password for rachel from 192.168.1.18 port 38912 ssh2
Apr 24 06:53:10 server sshd[3051]: Failed password for invalid user guest from 199.99.55.23 port 42318 ssh2
Apr 24 07:45:28 server sshd[3057]: Accepted password for max from 192.168.1.30 port 37492 ssh2
Apr 24 08:56:42 server sshd[3063]: Failed password for admin from 198.51.100.30 port 44829 ssh2
Apr 24 09:37:51 server sshd[3070]: Accepted password for julie from 192.168.1.36 port 37383 ssh2
Apr 24 10:14:36 server sshd[3082]: Failed password for invalid user ubuntu from 203.0.113.99 port 45812 ssh2
Apr 24 11:22:59 server sshd[3090]: Accepted password for sam from 192.168.1.45 port 39642 ssh2
Apr 24 12:43:50 server sshd[3095]: Failed password for root from 104.248.15.102 port 48931 ssh2
Apr 24 13:29:26 server sshd[3104]: Accepted password for chris from 192.168.1.58 port 37794 ssh2
Apr 24 14:52:21 server sshd[3111]: Failed password for invalid user tom from 198.51.100.12 port 43142 ssh2
Apr 24 15:18:33 server sshd[3117]: Accepted password for mia from 192.168.1.22 port 38864 ssh2
Apr 24 16:04:12 server sshd[3123]: Failed password for invalid user admin from 176.45.21.100 port 47592 ssh2
Apr 24 17:15:06 server sshd[3130]: Accepted password for eva from 192.168.1.25 port 39181 ssh2
Apr 24 18:37:21 server sshd[3136]: Failed password for root from 103.25.54.18 port 45873 ssh2
Apr 24 19:51:13 server sshd[3142]: Accepted password for nora from 192.168.1.12 port 37345 ssh2
Apr 24 20:21:28 server sshd[3149]: Failed password for guest from 145.67.32.29 port 48951 ssh2
Apr 24 21:29:55 server sshd[3156]: Accepted password for mark from 192.168.1.40 port 38982 ssh2
Apr 24 22:48:43 server sshd[3162]: Failed password for root from 198.51.100.8 port 43610 ssh2
Apr 24 23:09:12 server sshd[3171]: Accepted password for linda from 192.168.1.51 port 39563 ssh2
Apr 24 23:42:10 server sshd[3180]: Failed password for invalid user test from 203.0.113.15 port 41822 ssh2
Apr 24 00:17:42 server sshd[3187]: Accepted password for john from 192.168.1.23 port 37089 ssh2
Apr 24 01:23:15 server sshd[3192]: Failed password for root from 201.77.99.10 port 48641 ssh2
Apr 24 02:30:22 server sshd[3198]: Accepted password for julia from 192.168.1.31 port 37894 ssh2
Apr 24 03:08:55 server sshd[3204]: Failed password for invalid user test from 167.55.10.101 port 47824 ssh2
Apr 24 04:49:18 server sshd[3210]: Accepted password for mark from 192.168.1.37 port 38833 ssh2
Apr 24 05:16:12 server sshd[3215]: Failed password for admin from 95.101.51.21 port 44332 ssh2
Apr 24 06:29:03 server sshd[3220]: Accepted password for sam from 192.168.1.29 port 37559 ssh2
Apr 24 07:58:11 server sshd[3226]: Failed password for guest from 45.67.22.18 port 43421 ssh2
Apr 24 09:04:47 server sshd[3231]: Accepted password for lisa from 192.168.1.13 port 37982 ssh2
Apr 24 10:41:14 server sshd[3238]: Failed password for root from 72.85.49.120 port 45011 ssh2
Apr 24 11:18:54 server sshd[3243]: Accepted password for julie from 192.168.1.48 port 39192 ssh2
Apr 24 12:32:13 server sshd[3249]: Failed password for invalid user admin from 185.51.24.51 port 45212 ssh2
Apr 24 13:50:36 server sshd[3255]: Accepted password for mia from 192.168.1.19 port 37741 ssh2
Apr 24 14:23:50 server sshd[3260]: Failed password for test from 199.99.56.14 port 47392 ssh2
Apr 24 15:34:03 server sshd[3265]: Accepted password for chris from 192.168.1.44 port 39114 ssh2
Apr 24 16:07:24 server sshd[3270]: Failed password for invalid user root from 103.77.89.15 port 46418 ssh2
Apr 24 17:56:15 server sshd[3277]: Accepted password for oscar from 192.168.1.52 port 37455 ssh2
Apr 24 18:29:03 server sshd[3282]: Failed password for guest from 185.65.32.14 port 47928 ssh2
Apr 24 19:49:55 server sshd[3289]: Accepted password for julia from 192.168.1.26 port 38851 ssh2
Apr 24 20:15:30 server sshd[3295]: Failed password for invalid user admin from 91.121.64.88 port 45361 ssh2
Apr 24 21:40:13 server sshd[3301]: Accepted password for tom from 192.168.1.55 port 38927 ssh2
Apr 24 22:57:12 server sshd[3307]: Failed password for invalid user student from 72.64.102.78 port 46821 ssh2
Apr 24 23:23:08 server sshd[3312]: Accepted password for eva from 192.168.1.63 port 39291 ssh2
Apr 24 23:59:22 server sshd[3318]: Failed password for root from 150.45.66.79 port 47892 ssh2
Apr 24 09:50:05 server sshd[2641]: Accepted password for alice from 203.0.113.5 port 55210 ssh2
Apr 24 10:13:29 server sshd[2781]: Accepted publickey for bob from 198.51.100.70 port 55882 ssh2
Apr 24 11:24:15 server sshd[2851]: Accepted password for charlie from 192.0.2.44 port 56521 ssh2
Apr 24 12:45:50 server sshd[2984]: Accepted publickey for diana from 145.34.56.78 port 57890 ssh2
Apr 24 13:02:33 server sshd[3055]: Accepted password for edward from 172.16.5.4 port 49152 ssh2
Apr 24 14:15:47 server sshd[3120]: Accepted password for frank from 10.0.0.6 port 49321 ssh2
Mar 20 19:25:51 server sshd[2205]: Accepted password for chris from 192.168.1.50 port 38881 ssh2
Mar 21 23:17:39 server sshd[2210]: Failed password for invalid user ftp from 203.100.55.78 port 43011 ssh2

Apr 24 00:21:13 server sshd[3012]: Failed password for root from 198.51.100.15 port 52134 ssh2
Apr 24 01:32:45 server sshd[3017]: Accepted password for lisa from 192.168.1.23 port 37568 ssh2
Apr 24 02:19:05 server sshd[3021]: Failed password for invalid user admin from 203.0.113.45 port 43892 ssh2
Apr 24 03:27:19 server sshd[3029]: Accepted password for john from 192.168.1.11 port 36657 ssh2
Apr 24 04:35:47 server sshd[3035]: Failed password for test from 77.88.99.100 port 45721 ssh2
Apr 24 05:42:32 server sshd[3042]: Accepted password for rachel from 192.168.1.18 port 38912 ssh2
Apr 24 06:53:10 server sshd[3051]: Failed password for invalid user guest from 199.99.55.23 port 42318 ssh2
Apr 24 07:45:28 server sshd[3057]: Accepted password for max from 192.168.1.30 port 37492 ssh2
Apr 24 08:56:42 server sshd[3063]: Failed password for admin from 198.51.100.30 port 44829 ssh2
Apr 24 09:37:51 server sshd[3070]: Accepted password for julie from 192.168.1.36 port 37383 ssh2
Apr 24 10:14:36 server sshd[3082]: Failed password for invalid user ubuntu from 203.0.113.99 port 45812 ssh2
Apr 24 11:22:59 server sshd[3090]: Accepted password for sam from 192.168.1.45 port 39642 ssh2
Apr 24 12:43:50 server sshd[3095]: Failed password for root from 104.248.15.102 port 48931 ssh2
Apr 24 13:29:26 server sshd[3104]: Accepted password for chris from 192.168.1.58 port 37794 ssh2
Apr 24 14:52:21 server sshd[3111]: Failed password for invalid user tom from 198.51.100.12 port 43142 ssh2
Apr 24 15:18:33 server sshd[3117]: Accepted password for mia from 192.168.1.22 port 38864 ssh2
Apr 24 16:04:12 server sshd[3123]: Failed password for invalid user admin from 176.45.21.100 port 47592 ssh2
Apr 24 17:15:06 server sshd[3130]: Accepted password for eva from 192.168.1.25 port 39181 ssh2
Apr 24 18:37:21 server sshd[3136]: Failed password for root from 103.25.54.18 port 45873 ssh2
Apr 24 19:51:13 server sshd[3142]: Accepted password for nora from 192.168.1.12 port 37345 ssh2
Apr 24 20:21:28 server sshd[3149]: Failed password for guest from 145.67.32.29 port 48951 ssh2
Apr 24 21:29:55 server sshd[3156]: Accepted password for mark from 192.168.1.40 port 38982 ssh2
Apr 24 22:48:43 server sshd[3162]: Failed password for root from 198.51.100.8 port 43610 ssh2
Apr 24 23:09:12 server sshd[3171]: Accepted password for linda from 192.168.1.51 port 39563 ssh2
Apr 24 23:42:10 server sshd[3180]: Failed password for invalid user test from 203.0.113.15 port 41822 ssh2
Apr 24 00:17:42 server sshd[3187]: Accepted password for john from 192.168.1.23 port 37089 ssh2
Apr 24 01:23:15 server sshd[3192]: Failed password for root from 201.77.99.10 port 48641 ssh2
Apr 24 02:30:22 server sshd[3198]: Accepted password for julia from 192.168.1.31 port 37894 ssh2
Apr 24 03:08:55 server sshd[3204]: Failed password for invalid user test from 167.55.10.101 port 47824 ssh2
Apr 24 04:49:18 server sshd[3210]: Accepted password for mark from 192.168.1.37 port 38833 ssh2
Apr 24 05:16:12 server sshd[3215]: Failed password for admin from 95.101.51.21 port 44332 ssh2
Apr 24 06:29:03 server sshd[3220]: Accepted password for sam from 192.168.1.29 port 37559 ssh2
Apr 24 07:58:11 server sshd[3226]: Failed password for guest from 45.67.22.18 port 43421 ssh2
Apr 24 09:04:47 server sshd[3231]: Accepted password for lisa from 192.168.1.13 port 37982 ssh2
Apr 24 10:41:14 server sshd[3238]: Failed password for root from 72.85.49.120 port 45011 ssh2
Apr 24 11:18:54 server sshd[3243]: Accepted password for julie from 192.168.1.48 port 39192 ssh2
Apr 24 12:32:13 server sshd[3249]: Failed password for invalid user admin from 185.51.24.51 port 45212 ssh2
Apr 24 13:50:36 server sshd[3255]: Accepted password for mia from 192.168.1.19 port 37741 ssh2
Apr 24 14:23:50 server sshd[3260]: Failed password for test from 199.99.56.14 port 47392 ssh2
Apr 24 15:34:03 server sshd[3265]: Accepted password for chris from 192.168.1.44 port 39114 ssh2
Apr 24 16:07:24 server sshd[3270]: Failed password for invalid user root from 103.77.89.15 port 46418 ssh2
Apr 24 17:56:15 server sshd[3277]: Accepted password for oscar from 192.168.1.52 port 37455 ssh2
Apr 24 18:29:03 server sshd[3282]: Failed password for guest from 185.65.32.14 port 47928 ssh2
Apr 24 19:49:55 server sshd[3289]: Accepted password for julia from 192.168.1.26 port 38851 ssh2
Apr 24 20:15:30 server sshd[3295]: Failed password for invalid user admin from 91.121.64.88 port 45361 ssh2
Apr 24 21:40:13 server sshd[3301]: Accepted password for tom from 192.168.1.55 port 38927 ssh2
Apr 24 22:57:12 server sshd[3307]: Failed password for invalid user student from 72.64.102.78 port 46821 ssh2
Apr 24 23:23:08 server sshd[3312]: Accepted password for eva from 192.168.1.63 port 39291 ssh2
Apr 24 23:59:22 server sshd[3318]: Failed password for root from 150.45.66.79 port 47892 ssh2
Apr 24 09:50:05 server sshd[2641]: Accepted password for alice from 203.0.113.5 port 55210 ssh2
Apr 24 10:13:29 server sshd[2781]: Accepted publickey for bob from 198.51.100.70 port 55882 ssh2
Apr 24 11:24:15 server sshd[2851]: Accepted password for charlie from 192.0.2.44 port 56521 ssh2
Apr 24 12:45:50 server sshd[2984]: Accepted publickey for diana from 145.34.56.78 port 57890 ssh2
Apr 24 13:02:33 server sshd[3055]: Accepted password for edward from 172.16.5.4 port 49152 ssh2
Apr 24 14:15:47 server sshd[3120]: Accepted password for frank from 10.0.0.6 port 49321 ssh2
Apr 24 14:15:47 server sshd[3120]: Accepted password for frank from 10.0.0.6 port 49321 ssh2
Apr 26 14:15:47 server sshd[3120]: Accepted password for frank from 10.0.0.6 port 49321 ssh2
May 4 14:15:47 server sshd[3120]: Accepted password for Hind from 10.0.0.6 port 49321 ssh2